      8.0000000E+01                70.0                70.0                70.0                70.0                70.0                70.0                70.0                70.0                70.0                70.0                70.0                70.0                70.0                70.0                70.0                70.0                70.0                70.0                70.0                70.0                70.0                70.0                70.0                70.0                70.0                70.0                70.0                70.0      6.0000000E+01
      8.0000000E+01                70.0                70.0                70.0                70.0                70.0                70.0                70.0                70.0                70.0                70.0                70.0                70.0                70.0                70.0                70.0                70.0                70.0                70.0                70.0                70.0                70.0                70.0                70.0                70.0                70.0                70.0                70.0                70.0      6.0000000E+01
      8.0000000E+01                70.0                70.0                70.0                70.0                70.0                70.0                70.0                70.0                70.0                70.0                70.0                70.0                70.0                70.0                70.0                70.0                70.0                70.0                70.0                70.0                70.0                70.0                70.0                70.0                70.0                70.0                70.0                70.0      6.0000000E+01
      8.0000000E+01                70.0                70.0                70.0                70.0                70.0                70.0                70.0                70.0                70.0                70.0                70.0                70.0                70.0                70.0                70.0                70.0                70.0                70.0                70.0                70.0                70.0                70.0                70.0                70.0                70.0                70.0                70.0                70.0      6.0000000E+01
      8.0000000E+01                70.0                70.0                70.0                70.0                70.0                70.0                70.0                70.0                70.0                70.0                70.0                70.0                70.0                70.0                70.0                70.0                70.0                70.0                70.0                70.0                70.0                70.0                70.0                70.0                70.0                70.0                70.0                70.0      6.0000000E+01
      8.0000000E+01                70.0                70.0                70.0                70.0                70.0                70.0                70.0                70.0                70.0                70.0                70.0                70.0                70.0                70.0                70.0                70.0                70.0                70.0                70.0                70.0                70.0                70.0                70.0                70.0                70.0                70.0                70.0                70.0      6.0000000E+01
      8.0000000E+01                70.0                70.0                70.0                70.0                70.0                70.0                70.0                70.0                70.0                70.0                70.0                70.0                70.0                70.0                70.0                70.0                70.0                70.0                70.0                70.0                70.0                70.0                70.0                70.0                70.0                70.0                70.0                70.0      6.0000000E+01
      8.0000000E+01                70.0                70.0                70.0                70.0                70.0                70.0                70.0                70.0                70.0                70.0                70.0                70.0                70.0                70.0                70.0                70.0                70.0                70.0                70.0                70.0                70.0                70.0                70.0                70.0                70.0                70.0                70.0                70.0      6.0000000E+01
      8.0000000E+01                70.0                70.0                70.0                70.0                70.0                70.0                70.0                70.0                70.0                70.0                70.0                70.0                70.0                70.0                70.0                70.0                70.0                70.0                70.0                70.0                70.0                70.0                70.0                70.0                70.0                70.0                70.0                70.0      6.0000000E+01
      8.0000000E+01                70.0                70.0                70.0                70.0                70.0                70.0                70.0                70.0                70.0                70.0                70.0                70.0                70.0                70.0                70.0                70.0                70.0                70.0                70.0                70.0                70.0                70.0                70.0                70.0                70.0                70.0                70.0                70.0      6.0000000E+01
      8.0000000E+01                70.0                70.0                70.0                70.0                70.0                70.0                70.0                70.0                70.0                70.0                70.0                70.0                70.0                70.0                70.0                70.0                70.0                70.0                70.0                70.0                70.0                70.0                70.0                70.0                70.0                70.0                70.0                70.0      6.0000000E+01
      8.0000000E+01                70.0                70.0                70.0                70.0                70.0                70.0                70.0                70.0                70.0                70.0                70.0                70.0                70.0                70.0                70.0                70.0                70.0                70.0                70.0                70.0                70.0                70.0                70.0                70.0                70.0                70.0                70.0                70.0      6.0000000E+01
      8.0000000E+01                70.0                70.0                70.0                70.0                70.0                70.0                70.0                70.0                70.0                70.0                70.0                70.0                70.0                70.0                70.0                70.0                70.0                70.0                70.0                70.0                70.0                70.0                70.0                70.0                70.0                70.0                70.0                70.0      6.0000000E+01
      8.0000000E+01                70.0                70.0                70.0                70.0                70.0                70.0                70.0                70.0                70.0                70.0                70.0                70.0                70.0                70.0                70.0                70.0                70.0                70.0                70.0                70.0                70.0                70.0                70.0                70.0                70.0                70.0                70.0                70.0      6.0000000E+01
      8.0000000E+01                70.0                70.0                70.0                70.0                70.0                70.0                70.0                70.0                70.0                70.0                70.0                70.0                70.0                70.0                70.0                70.0                70.0                70.0                70.0                70.0                70.0                70.0                70.0                70.0                70.0                70.0                70.0                70.0      6.0000000E+01
      8.0000000E+01                70.0                70.0                70.0                70.0                70.0                70.0                70.0                70.0                70.0                70.0                70.0                70.0                70.0                70.0                70.0                70.0                70.0                70.0                70.0                70.0                70.0                70.0                70.0                70.0                70.0                70.0                70.0                70.0      6.0000000E+01
      8.0000000E+01                70.0                70.0                70.0                70.0                70.0                70.0                70.0                70.0                70.0                70.0                70.0                70.0                70.0                70.0                70.0                70.0                70.0                70.0                70.0                70.0                70.0                70.0                70.0                70.0                70.0                70.0                70.0                70.0      6.0000000E+01
      8.0000000E+01                70.0                70.0                70.0                70.0                70.0                70.0                70.0                70.0                70.0                70.0                70.0                70.0                70.0                70.0                70.0                70.0                70.0                70.0                70.0                70.0                70.0                70.0                70.0                70.0                70.0                70.0                70.0                70.0      6.0000000E+01
      8.0000000E+01                70.0                70.0                70.0                70.0                70.0                70.0                70.0                70.0                70.0                70.0                70.0                70.0                70.0                70.0                70.0                70.0                70.0                70.0                70.0                70.0                70.0                70.0                70.0                70.0                70.0                70.0                70.0                70.0      6.0000000E+01
      8.0000000E+01                70.0                70.0                70.0                70.0                70.0                70.0                70.0                70.0                70.0                70.0                70.0                70.0                70.0                70.0                70.0                70.0                70.0                70.0                70.0                70.0                70.0                70.0                70.0                70.0                70.0                70.0                70.0                70.0      6.0000000E+01
